Archive member included to satisfy reference by file (symbol)

/opt/st/stm32cubeide_2.1.0/plugins/com.st.stm32cube.ide.mcu.externaltools.gnu-tools-for-stm32.14.3.rel1.linux64_1.0.100.202602081740/tools/bin/../lib/gcc/arm-none-eabi/14.3.1/../../../../arm-none-eabi/lib/thumb/v8-m.main+fp/hard/libc_nano.a(libc_a-exit.o)
                              /opt/st/stm32cubeide_2.1.0/plugins/com.st.stm32cube.ide.mcu.externaltools.gnu-tools-for-stm32.14.3.rel1.linux64_1.0.100.202602081740/tools/bin/../lib/gcc/arm-none-eabi/14.3.1/../../../../arm-none-eabi/lib/thumb/v8-m.main+fp/hard/crt0.o (exit)
/opt/st/stm32cubeide_2.1.0/plugins/com.st.stm32cube.ide.mcu.externaltools.gnu-tools-for-stm32.14.3.rel1.linux64_1.0.100.202602081740/tools/bin/../lib/gcc/arm-none-eabi/14.3.1/../../../../arm-none-eabi/lib/thumb/v8-m.main+fp/hard/libc_nano.a(libc_a-findfp.o)
                              /opt/st/stm32cubeide_2.1.0/plugins/com.st.stm32cube.ide.mcu.externaltools.gnu-tools-for-stm32.14.3.rel1.linux64_1.0.100.202602081740/tools/bin/../lib/gcc/arm-none-eabi/14.3.1/../../../../arm-none-eabi/lib/thumb/v8-m.main+fp/hard/libc_nano.a(libc_a-exit.o) (__stdio_exit_handler)
/opt/st/stm32cubeide_2.1.0/plugins/com.st.stm32cube.ide.mcu.externaltools.gnu-tools-for-stm32.14.3.rel1.linux64_1.0.100.202602081740/tools/bin/../lib/gcc/arm-none-eabi/14.3.1/../../../../arm-none-eabi/lib/thumb/v8-m.main+fp/hard/libc_nano.a(libc_a-fwalk.o)
                              /opt/st/stm32cubeide_2.1.0/plugins/com.st.stm32cube.ide.mcu.externaltools.gnu-tools-for-stm32.14.3.rel1.linux64_1.0.100.202602081740/tools/bin/../lib/gcc/arm-none-eabi/14.3.1/../../../../arm-none-eabi/lib/thumb/v8-m.main+fp/hard/libc_nano.a(libc_a-findfp.o) (_fwalk_sglue)
/opt/st/stm32cubeide_2.1.0/plugins/com.st.stm32cube.ide.mcu.externaltools.gnu-tools-for-stm32.14.3.rel1.linux64_1.0.100.202602081740/tools/bin/../lib/gcc/arm-none-eabi/14.3.1/../../../../arm-none-eabi/lib/thumb/v8-m.main+fp/hard/libc_nano.a(libc_a-stdio.o)
                              /opt/st/stm32cubeide_2.1.0/plugins/com.st.stm32cube.ide.mcu.externaltools.gnu-tools-for-stm32.14.3.rel1.linux64_1.0.100.202602081740/tools/bin/../lib/gcc/arm-none-eabi/14.3.1/../../../../arm-none-eabi/lib/thumb/v8-m.main+fp/hard/libc_nano.a(libc_a-findfp.o) (__sread)
/opt/st/stm32cubeide_2.1.0/plugins/com.st.stm32cube.ide.mcu.externaltools.gnu-tools-for-stm32.14.3.rel1.linux64_1.0.100.202602081740/tools/bin/../lib/gcc/arm-none-eabi/14.3.1/../../../../arm-none-eabi/lib/thumb/v8-m.main+fp/hard/libc_nano.a(libc_a-memset.o)
                              /opt/st/stm32cubeide_2.1.0/plugins/com.st.stm32cube.ide.mcu.externaltools.gnu-tools-for-stm32.14.3.rel1.linux64_1.0.100.202602081740/tools/bin/../lib/gcc/arm-none-eabi/14.3.1/../../../../arm-none-eabi/lib/thumb/v8-m.main+fp/hard/crt0.o (memset)
/opt/st/stm32cubeide_2.1.0/plugins/com.st.stm32cube.ide.mcu.externaltools.gnu-tools-for-stm32.14.3.rel1.linux64_1.0.100.202602081740/tools/bin/../lib/gcc/arm-none-eabi/14.3.1/../../../../arm-none-eabi/lib/thumb/v8-m.main+fp/hard/libc_nano.a(libc_a-closer.o)
                              /opt/st/stm32cubeide_2.1.0/plugins/com.st.stm32cube.ide.mcu.externaltools.gnu-tools-for-stm32.14.3.rel1.linux64_1.0.100.202602081740/tools/bin/../lib/gcc/arm-none-eabi/14.3.1/../../../../arm-none-eabi/lib/thumb/v8-m.main+fp/hard/libc_nano.a(libc_a-stdio.o) (_close_r)
/opt/st/stm32cubeide_2.1.0/plugins/com.st.stm32cube.ide.mcu.externaltools.gnu-tools-for-stm32.14.3.rel1.linux64_1.0.100.202602081740/tools/bin/../lib/gcc/arm-none-eabi/14.3.1/../../../../arm-none-eabi/lib/thumb/v8-m.main+fp/hard/libc_nano.a(libc_a-reent.o)
                              /opt/st/stm32cubeide_2.1.0/plugins/com.st.stm32cube.ide.mcu.externaltools.gnu-tools-for-stm32.14.3.rel1.linux64_1.0.100.202602081740/tools/bin/../lib/gcc/arm-none-eabi/14.3.1/../../../../arm-none-eabi/lib/thumb/v8-m.main+fp/hard/libc_nano.a(libc_a-closer.o) (errno)
/opt/st/stm32cubeide_2.1.0/plugins/com.st.stm32cube.ide.mcu.externaltools.gnu-tools-for-stm32.14.3.rel1.linux64_1.0.100.202602081740/tools/bin/../lib/gcc/arm-none-eabi/14.3.1/../../../../arm-none-eabi/lib/thumb/v8-m.main+fp/hard/libc_nano.a(libc_a-impure.o)
                              /opt/st/stm32cubeide_2.1.0/plugins/com.st.stm32cube.ide.mcu.externaltools.gnu-tools-for-stm32.14.3.rel1.linux64_1.0.100.202602081740/tools/bin/../lib/gcc/arm-none-eabi/14.3.1/../../../../arm-none-eabi/lib/thumb/v8-m.main+fp/hard/libc_nano.a(libc_a-reent.o) (_impure_ptr)
/opt/st/stm32cubeide_2.1.0/plugins/com.st.stm32cube.ide.mcu.externaltools.gnu-tools-for-stm32.14.3.rel1.linux64_1.0.100.202602081740/tools/bin/../lib/gcc/arm-none-eabi/14.3.1/../../../../arm-none-eabi/lib/thumb/v8-m.main+fp/hard/libc_nano.a(libc_a-lseekr.o)
[...]
Memory Configuration

Name             Origin             Length             Attributes
RAM              0x20000000         0x000a0000         xrw
FLASH            0x08000000         0x00100000         xr
*default*        0x00000000         0xffffffff

Linker script and memory map

LOAD /opt/st/stm32cubeide_2.1.0/plugins/com.st.stm32cube.ide.mcu.externaltools.gnu-tools-for-stm32.14.3.rel1.linux64_1.0.100.202602081740/tools/bin/../lib/gcc/arm-none-eabi/14.3.1/thumb/v8-m.main+fp/hard/crti.o
LOAD /opt/st/stm32cubeide_2.1.0/plugins/com.st.stm32cube.ide.mcu.externaltools.gnu-tools-for-stm32.14.3.rel1.linux64_1.0.100.202602081740/tools/bin/../lib/gcc/arm-none-eabi/14.3.1/thumb/v8-m.main+fp/hard/crtbegin.o
LOAD /opt/st/stm32cubeide_2.1.0/plugins/com.st.stm32cube.ide.mcu.externaltools.gnu-tools-for-stm32.14.3.rel1.linux64_1.0.100.202602081740/tools/bin/../lib/gcc/arm-none-eabi/14.3.1/../../../../arm-none-eabi/lib/thumb/v8-m.main+fp/hard/crt0.o
LOAD ./Core/Src/fonts.o
LOAD ./Core/Src/main.o
LOAD ./Core/Src/st7789.o
LOAD ./Core/Src/stm32h5xx_hal_msp.o
LOAD ./Core/Src/stm32h5xx_it.o
LOAD ./Core/Src/syscalls.o
LOAD ./Core/Src/sysmem.o
LOAD ./Core/Src/system_stm32h5xx.o
LOAD ./Core/Startup/startup_stm32h562rgtx.o
LOAD ./Drivers/STM32H5xx_HAL_Driver/Src/stm32h5xx_hal.o
LOAD ./Drivers/STM32H5xx_HAL_Driver/Src/stm32h5xx_hal_cortex.o
LOAD ./Drivers/STM32H5xx_HAL_Driver/Src/stm32h5xx_hal_dma.o
LOAD ./Drivers/STM32H5xx_HAL_Driver/Src/stm32h5xx_hal_dma_ex.o
LOAD ./Drivers/STM32H5xx_HAL_Driver/Src/stm32h5xx_hal_exti.o
LOAD ./Drivers/STM32H5xx_HAL_Driver/Src/stm32h5xx_hal_flash.o
LOAD ./Drivers/STM32H5xx_HAL_Driver/Src/stm32h5xx_hal_flash_ex.o
LOAD ./Drivers/STM32H5xx_HAL_Driver/Src/stm32h5xx_hal_gpio.o
LOAD ./Drivers/STM32H5xx_HAL_Driver/Src/stm32h5xx_hal_pwr.o
LOAD ./Drivers/STM32H5xx_HAL_Driver/Src/stm32h5xx_hal_pwr_ex.o
LOAD ./Drivers/STM32H5xx_HAL_Driver/Src/stm32h5xx_hal_rcc.o
LOAD ./Drivers/STM32H5xx_HAL_Driver/Src/stm32h5xx_hal_rcc_ex.o
LOAD ./Drivers/STM32H5xx_HAL_Driver/Src/stm32h5xx_hal_spi.o
LOAD ./Drivers/STM32H5xx_HAL_Driver/Src/stm32h5xx_hal_spi_ex.o
START GROUP
LOAD /opt/st/stm32cubeide_2.1.0/plugins/com.st.stm32cube.ide.mcu.externaltools.gnu-tools-for-stm32.14.3.rel1.linux64_1.0.100.202602081740/tools/bin/../lib/gcc/arm-none-eabi/14.3.1/../../../../arm-none-eabi/lib/thumb/v8-m.main+fp/hard/libc_nano.a
LOAD /opt/st/stm32cubeide_2.1.0/plugins/com.st.stm32cube.ide.mcu.externaltools.gnu-tools-for-stm32.14.3.rel1.linux64_1.0.100.202602081740/tools/bin/../lib/gcc/arm-none-eabi/14.3.1/../../../../arm-none-eabi/lib/thumb/v8-m.main+fp/hard/libm.a
END GROUP
START GROUP
LOAD /opt/st/stm32cubeide_2.1.0/plugins/com.st.stm32cube.ide.mcu.externaltools.gnu-tools-for-stm32.14.3.rel1.linux64_1.0.100.202602081740/tools/bin/../lib/gcc/arm-none-eabi/14.3.1/thumb/v8-m.main+fp/hard/libgcc.a
LOAD /opt/st/stm32cubeide_2.1.0/plugins/com.st.stm32cube.ide.mcu.externaltools.gnu-tools-for-stm32.14.3.rel1.linux64_1.0.100.202602081740/tools/bin/../lib/gcc/arm-none-eabi/14.3.1/../../../../arm-none-eabi/lib/thumb/v8-m.main+fp/hard/libc_nano.a
END GROUP
START GROUP
LOAD /opt/st/stm32cubeide_2.1.0/plugins/com.st.stm32cube.ide.mcu.externaltools.gnu-tools-for-stm32.14.3.rel1.linux64_1.0.100.202602081740/tools/bin/../lib/gcc/arm-none-eabi/14.3.1/thumb/v8-m.main+fp/hard/libgcc.a
LOAD /opt/st/stm32cubeide_2.1.0/plugins/com.st.stm32cube.ide.mcu.externaltools.gnu-tools-for-stm32.14.3.rel1.linux64_1.0.100.202602081740/tools/bin/../lib/gcc/arm-none-eabi/14.3.1/../../../../arm-none-eabi/lib/thumb/v8-m.main+fp/hard/libc_nano.a
LOAD /opt/st/stm32cubeide_2.1.0/plugins/com.st.stm32cube.ide.mcu.externaltools.gnu-tools-for-stm32.14.3.rel1.linux64_1.0.100.202602081740/tools/bin/../lib/gcc/arm-none-eabi/14.3.1/../../../../arm-none-eabi/lib/thumb/v8-m.main+fp/hard/libnosys.a
END GROUP
START GROUP
LOAD /opt/st/stm32cubeide_2.1.0/plugins/com.st.stm32cube.ide.mcu.externaltools.gnu-tools-for-stm32.14.3.rel1.linux64_1.0.100.202602081740/tools/bin/../lib/gcc/arm-none-eabi/14.3.1/thumb/v8-m.main+fp/hard/libgcc.a
LOAD /opt/st/stm32cubeide_2.1.0/plugins/com.st.stm32cube.ide.mcu.externaltools.gnu-tools-for-stm32.14.3.rel1.linux64_1.0.100.202602081740/tools/bin/../lib/gcc/arm-none-eabi/14.3.1/../../../../arm-none-eabi/lib/thumb/v8-m.main+fp/hard/libc_nano.a
LOAD /opt/st/stm32cubeide_2.1.0/plugins/com.st.stm32cube.ide.mcu.externaltools.gnu-tools-for-stm32.14.3.rel1.linux64_1.0.100.202602081740/tools/bin/../lib/gcc/arm-none-eabi/14.3.1/../../../../arm-none-eabi/lib/thumb/v8-m.main+fp/hard/libnosys.a
END GROUP
LOAD /opt/st/stm32cubeide_2.1.0/plugins/com.st.stm32cube.ide.mcu.externaltools.gnu-tools-for-stm32.14.3.rel1.linux64_1.0.100.202602081740/tools/bin/../lib/gcc/arm-none-eabi/14.3.1/thumb/v8-m.main+fp/hard/crtend.o
LOAD /opt/st/stm32cubeide_2.1.0/plugins/com.st.stm32cube.ide.mcu.externaltools.gnu-tools-for-stm32.14.3.rel1.linux64_1.0.100.202602081740/tools/bin/../lib/gcc/arm-none-eabi/14.3.1/thumb/v8-m.main+fp/hard/crtn.o
                0x200a0000                        _estack = (ORIGIN (RAM) + LENGTH (RAM))
                0x2009fc00                        _sstack = (_estack - _Min_Stack_Size)
                0x00000200                        _Min_Heap_Size = 0x200
                0x00000400                        _Min_Stack_Size = 0x400

.isr_vector     0x08000000      0x24c
                0x08000000                        . = ALIGN (0x4)
 *(.isr_vector)
 .isr_vector    0x08000000      0x24c ./Core/Startup/startup_stm32h562rgtx.o
                0x08000000                g_pfnVectors
                0x0800024c                        . = ALIGN (0x4)

.text           0x0800024c     0x7330
                0x0800024c                        . = ALIGN (0x4)
 *(.text)
 .text          0x0800024c       0x40 /opt/st/stm32cubeide_2.1.0/plugins/com.st.stm32cube.ide.mcu.externaltools.gnu-tools-for-stm32.14.3.rel1.linux64_1.0.100.202602081740/tools/bin/../lib/gcc/arm-none-eabi/14.3.1/thumb/v8-m.main+fp/hard/crtbegin.o
 *(.text*)
 .text.main     0x0800028c       0x90 ./Core/Src/main.o
                0x0800028c                main
 .text.SystemClock_Config
                0x0800031c       0xe8 ./Core/Src/main.o
                0x0800031c                SystemClock_Config
 .text.PeriphCommonClock_Config
                0x08000404       0x58 ./Core/Src/main.o
                0x08000404                PeriphCommonClock_Config
 .text.MX_GPDMA1_Init
                0x0800045c       0x40 ./Core/Src/main.o
 .text.MX_SPI1_Init
                0x0800049c       0xac ./Core/Src/main.o
 .text.MX_GPIO_Init
                0x08000548      0x124 ./Core/Src/main.o
 .text.MPU_Config
                0x0800066c       0x6c ./Core/Src/main.o
 .text.Error_Handler
                0x080006d8        0xc ./Core/Src/main.o
                0x080006d8                Error_Handler
 .text.ST7789_WriteCommand
                0x080006e4       0x48 ./Core/Src/st7789.o
 .text.ST7789_WriteData
                0x0800072c       0xac ./Core/Src/st7789.o
 .text.ST7789_WriteSmallData
                0x080007d8       0x48 ./Core/Src/st7789.o
 .text.ST7789_SetRotation
                0x08000820       0x58 ./Core/Src/st7789.o
                0x08000820                ST7789_SetRotation
 .text.ST7789_SetAddressWindow
                0x08000878       0xa0 ./Core/Src/st7789.o
                0x08000878                ST7789_SetAddressWindow
 .text.ST7789_Init
                0x08000918      0x14c ./Core/Src/st7789.o
                0x08000918                ST7789_Init
 .text.ST7789_Fill_Color
                0x08000a64      0x118 ./Core/Src/st7789.o
                0x08000a64                ST7789_Fill_Color
 .text.ST7789_DrawPixel
                0x08000b7c       0x50 ./Core/Src/st7789.o
                0x08000b7c                ST7789_DrawPixel
 .text.ST7789_DrawLine
                0x08000bcc      0x118 ./Core/Src/st7789.o
                0x08000bcc                ST7789_DrawLine
 .text.ST7789_DrawRectangle
                0x08000ce4       0x88 ./Core/Src/st7789.o
                0x08000ce4                ST7789_DrawRectangle
 .text.ST7789_DrawCircle
                0x08000d6c      0x1cc ./Core/Src/st7789.o
                0x08000d6c                ST7789_DrawCircle
 .text.ST7789_DrawImage
                0x08000f38       0x84 ./Core/Src/st7789.o
                0x08000f38                ST7789_DrawImage
 .text.ST7789_WriteChar
                0x08000fbc       0xe4 ./Core/Src/st7789.o
                0x08000fbc                ST7789_WriteChar
 .text.ST7789_WriteString
                0x080010a0       0x8c ./Core/Src/st7789.o
                0x080010a0                ST7789_WriteString
 .text.ST7789_DrawFilledRectangle
                0x0800112c       0x98 ./Core/Src/st7789.o
                0x0800112c                ST7789_DrawFilledRectangle
 .text.ST7789_DrawTriangle
                0x080011c4       0x5c ./Core/Src/st7789.o
                0x080011c4                ST7789_DrawTriangle
 .text.ST7789_DrawFilledTriangle
                0x08001220      0x184 ./Core/Src/st7789.o
                0x08001220                ST7789_DrawFilledTriangle
 .text.ST7789_DrawFilledCircle
                0x080013a4      0x1b6 ./Core/Src/st7789.o
                0x080013a4                ST7789_DrawFilledCircle
 *fill*         0x0800155a        0x2 
 .text.ST7789_Test
                0x0800155c      0x350 ./Core/Src/st7789.o
                0x0800155c                ST7789_Test
 .text.HAL_MspInit
                0x080018ac        0xe ./Core/Src/stm32h5xx_hal_msp.o
                0x080018ac                HAL_MspInit
 *fill*         0x080018ba        0x2 
 .text.HAL_SPI_MspInit
                0x080018bc      0x1cc ./Core/Src/stm32h5xx_hal_msp.o
                0x080018bc                HAL_SPI_MspInit
 .text.NMI_Handler
                0x08001a88        0x8 ./Core/Src/stm32h5xx_it.o
                0x08001a88                NMI_Handler
 .text.HardFault_Handler
                0x08001a90        0x8 ./Core/Src/stm32h5xx_it.o
                0x08001a90                HardFault_Handler
 .text.MemManage_Handler
                0x08001a98        0x8 ./Core/Src/stm32h5xx_it.o
                0x08001a98                MemManage_Handler
 .text.BusFault_Handler
                0x08001aa0        0x8 ./Core/Src/stm32h5xx_it.o
                0x08001aa0                BusFault_Handler
 .text.UsageFault_Handler
                0x08001aa8        0x8 ./Core/Src/stm32h5xx_it.o
                0x08001aa8                UsageFault_Handler
 .text.SVC_Handler
                0x08001ab0        0xe ./Core/Src/stm32h5xx_it.o
                0x08001ab0                SVC_Handler
 .text.DebugMon_Handler
                0x08001abe        0xe ./Core/Src/stm32h5xx_it.o
                0x08001abe                DebugMon_Handler
 .text.PendSV_Handler
                0x08001acc        0xe ./Core/Src/stm32h5xx_it.o
                0x08001acc                PendSV_Handler
 .text.SysTick_Handler
                0x08001ada        0xc ./Core/Src/stm32h5xx_it.o
                0x08001ada                SysTick_Handler
 *fill*         0x08001ae6        0x2 
 .text.GPDMA1_Channel0_IRQHandler
                0x08001ae8       0x14 ./Core/Src/stm32h5xx_it.o
                0x08001ae8                GPDMA1_Channel0_IRQHandler
 .text.SPI1_IRQHandler
                0x08001afc       0x14 ./Core/Src/stm32h5xx_it.o
                0x08001afc                SPI1_IRQHandler
 .text.SystemInit
                0x08001b10      0x100 ./Core/Src/system_stm32h5xx.o
                0x08001b10                SystemInit
 .text.Reset_Handler
                0x08001c10       0x5c ./Core/Startup/startup_stm32h562rgtx.o
                0x08001c10                Reset_Handler
 .text.Default_Handler
                0x08001c6c        0x2 ./Core/Startup/startup_stm32h562rgtx.o
                0x08001c6c                EXTI2_IRQHandler
                0x08001c6c                TIM8_TRG_COM_IRQHandler
                0x08001c6c                TIM8_CC_IRQHandler
                0x08001c6c                EXTI5_IRQHandler
                0x08001c6c                I3C1_ER_IRQHandler
                0x08001c6c                UART8_IRQHandler
                0x08001c6c                SPI4_IRQHandler
                0x08001c6c                GPDMA2_Channel1_IRQHandler
                0x08001c6c                FLASH_S_IRQHandler
                0x08001c6c                EXTI13_IRQHandler
                0x08001c6c                TIM1_CC_IRQHandler
                0x08001c6c                GPDMA2_Channel3_IRQHandler
                0x08001c6c                TAMP_IRQHandler
                0x08001c6c                TIM6_IRQHandler
                0x08001c6c                EXTI12_IRQHandler
                0x08001c6c                CORDIC_IRQHandler
                0x08001c6c                USB_DRD_FS_IRQHandler
                0x08001c6c                EXTI3_IRQHandler
                0x08001c6c                LPTIM4_IRQHandler
                0x08001c6c                GPDMA1_Channel5_IRQHandler
                0x08001c6c                EXTI8_IRQHandler
                0x08001c6c                GPDMA2_Channel5_IRQHandler
                0x08001c6c                LPTIM2_IRQHandler
                0x08001c6c                I2C3_ER_IRQHandler
                0x08001c6c                GPDMA2_Channel2_IRQHandler
                0x08001c6c                USART10_IRQHandler
                0x08001c6c                LPTIM3_IRQHandler
                0x08001c6c                EXTI0_IRQHandler
                0x08001c6c                I2C2_EV_IRQHandler
                0x08001c6c                FPU_IRQHandler
                0x08001c6c                GPDMA1_Channel3_IRQHandler
                0x08001c6c                GPDMA1_Channel7_IRQHandler
                0x08001c6c                FDCAN1_IT1_IRQHandler
                0x08001c6c                RAMCFG_IRQHandler
                0x08001c6c                DCACHE1_IRQHandler
                0x08001c6c                OCTOSPI1_IRQHandler
                0x08001c6c                GPDMA1_Channel2_IRQHandler
                0x08001c6c                TIM8_UP_IRQHandler
                0x08001c6c                RCC_S_IRQHandler
                0x08001c6c                SAI2_IRQHandler
                0x08001c6c                ADC1_IRQHandler
                0x08001c6c                USART6_IRQHandler
                0x08001c6c                EXTI15_IRQHandler
                0x08001c6c                TIM17_IRQHandler
                0x08001c6c                USART3_IRQHandler
                0x08001c6c                RTC_IRQHandler
                0x08001c6c                EXTI9_IRQHandler
                0x08001c6c                LPTIM5_IRQHandler
                0x08001c6c                UART5_IRQHandler
                0x08001c6c                TIM4_IRQHandler
                0x08001c6c                I2C1_EV_IRQHandler
                0x08001c6c                GPDMA1_Channel1_IRQHandler
                0x08001c6c                TIM16_IRQHandler
                0x08001c6c                UART4_IRQHandler
                0x08001c6c                SecureFault_Handler
                0x08001c6c                TIM3_IRQHandler
                0x08001c6c                RCC_IRQHandler
                0x08001c6c                UART9_IRQHandler
                0x08001c6c                TIM1_TRG_COM_IRQHandler
                0x08001c6c                Default_Handler
                0x08001c6c                FMAC_IRQHandler
                0x08001c6c                CEC_IRQHandler
                0x08001c6c                USART11_IRQHandler
                0x08001c6c                TIM14_IRQHandler
                0x08001c6c                TIM13_IRQHandler
                0x08001c6c                GPDMA2_Channel4_IRQHandler
                0x08001c6c                SPI5_IRQHandler
                0x08001c6c                TIM12_IRQHandler
                0x08001c6c                TIM7_IRQHandler
                0x08001c6c                SDMMC1_IRQHandler
                0x08001c6c                TIM5_IRQHandler
                0x08001c6c                UCPD1_IRQHandler
                0x08001c6c                I3C1_EV_IRQHandler
                0x08001c6c                TIM15_IRQHandler
                0x08001c6c                PVD_AVD_IRQHandler
                0x08001c6c                I2C3_EV_IRQHandler
                0x08001c6c                ADC2_IRQHandler
                0x08001c6c                SPI2_IRQHandler
                0x08001c6c                EXTI14_IRQHandler
                0x08001c6c                EXTI11_IRQHandler
                0x08001c6c                CRS_IRQHandler
                0x08001c6c                EXTI4_IRQHandler
                0x08001c6c                GPDMA2_Channel0_IRQHandler
                0x08001c6c                RTC_S_IRQHandler
                0x08001c6c                RNG_IRQHandler
                0x08001c6c                GPDMA2_Channel6_IRQHandler
                0x08001c6c                TIM1_UP_IRQHandler
                0x08001c6c                UART12_IRQHandler
                0x08001c6c                WWDG_IRQHandler
                0x08001c6c                SPI6_IRQHandler
                0x08001c6c                I2C4_EV_IRQHandler
                0x08001c6c                IWDG_IRQHandler
                0x08001c6c                LPUART1_IRQHandler
                0x08001c6c                FDCAN1_IT0_IRQHandler
                0x08001c6c                TIM2_IRQHandler
                0x08001c6c                GPDMA1_Channel4_IRQHandler
                0x08001c6c                EXTI7_IRQHandler
                0x08001c6c                TIM1_BRK_IRQHandler
                0x08001c6c                EXTI1_IRQHandler
                0x08001c6c                LPTIM6_IRQHandler
                0x08001c6c                DAC1_IRQHandler
                0x08001c6c                DTS_IRQHandler
                0x08001c6c                UART7_IRQHandler
                0x08001c6c                GTZC_IRQHandler
                0x08001c6c                USART2_IRQHandler
                0x08001c6c                GPDMA1_Channel6_IRQHandler
                0x08001c6c                GPDMA2_Channel7_IRQHandler
                0x08001c6c                I2C2_ER_IRQHandler
                0x08001c6c                TIM8_BRK_IRQHandler
                0x08001c6c                FLASH_IRQHandler
                0x08001c6c                USART1_IRQHandler
                0x08001c6c                EXTI10_IRQHandler
                0x08001c6c                SPI3_IRQHandler
                0x08001c6c                I2C1_ER_IRQHandler
                0x08001c6c                FMC_IRQHandler
                0x08001c6c                EXTI6_IRQHandler
                0x08001c6c                LPTIM1_IRQHandler
                0x08001c6c                DCMI_PSSI_IRQHandler
                0x08001c6c                I2C4_ER_IRQHandler
                0x08001c6c                ICACHE_IRQHandler
                0x08001c6c                SAI1_IRQHandler
                0x08001c6c                HASH_IRQHandler
 *fill*         0x08001c6e        0x2 
 .text.HAL_Init
                0x08001c70       0x50 ./Drivers/STM32H5xx_HAL_Driver/Src/stm32h5xx_hal.o
                0x08001c70                HAL_Init
 .text.HAL_InitTick
                0x08001cc0       0xec ./Drivers/STM32H5xx_HAL_Driver/Src/stm32h5xx_hal.o
                0x08001cc0                HAL_InitTick
 .text.HAL_IncTick
                0x08001dac       0x28 ./Drivers/STM32H5xx_HAL_Driver/Src/stm32h5xx_hal.o
                0x08001dac                HAL_IncTick
 .text.HAL_GetTick
                0x08001dd4       0x18 ./Drivers/STM32H5xx_HAL_Driver/Src/stm32h5xx_hal.o
                0x08001dd4                HAL_GetTick
 .text.HAL_Delay
                0x08001dec       0x48 ./Drivers/STM32H5xx_HAL_Driver/Src/stm32h5xx_hal.o
                0x08001dec                HAL_Delay
 .text.__NVIC_SetPriorityGrouping
                0x08001e34       0x48 ./Drivers/STM32H5xx_HAL_Driver/Src/stm32h5xx_hal_cortex.o
 .text.__NVIC_GetPriorityGrouping
                0x08001e7c       0x1c ./Drivers/STM32H5xx_HAL_Driver/Src/stm32h5xx_hal_cortex.o
 .text.__NVIC_EnableIRQ
                0x08001e98       0x3c ./Drivers/STM32H5xx_HAL_Driver/Src/stm32h5xx_hal_cortex.o
 .text.__NVIC_SetPriority
                0x08001ed4       0x54 ./Drivers/STM32H5xx_HAL_Driver/Src/stm32h5xx_hal_cortex.o
 .text.NVIC_EncodePriority
                0x08001f28       0x66 ./Drivers/STM32H5xx_HAL_Driver/Src/stm32h5xx_hal_cortex.o
 .text.HAL_NVIC_SetPriorityGrouping
                0x08001f8e       0x16 ./Drivers/STM32H5xx_HAL_Driver/Src/stm32h5xx_hal_cortex.o
                0x08001f8e                HAL_NVIC_SetPriorityGrouping
 .text.HAL_NVIC_SetPriority
                0x08001fa4       0x34 ./Drivers/STM32H5xx_HAL_Driver/Src/stm32h5xx_hal_cortex.o
                0x08001fa4                HAL_NVIC_SetPriority
 .text.HAL_NVIC_EnableIRQ
                0x08001fd8       0x1c ./Drivers/STM32H5xx_HAL_Driver/Src/stm32h5xx_hal_cortex.o
                0x08001fd8                HAL_NVIC_EnableIRQ
 .text.HAL_SYSTICK_Config
                0x08001ff4       0x44 ./Drivers/STM32H5xx_HAL_Driver/Src/stm32h5xx_hal_cortex.o
                0x08001ff4                HAL_SYSTICK_Config
 .text.HAL_SYSTICK_CLKSourceConfig
                0x08002038       0xb0 ./Drivers/STM32H5xx_HAL_Driver/Src/stm32h5xx_hal_cortex.o
                0x08002038                HAL_SYSTICK_CLKSourceConfig
 .text.HAL_SYSTICK_GetCLKSourceConfig
                0x080020e8       0x6c ./Drivers/STM32H5xx_HAL_Driver/Src/stm32h5xx_hal_cortex.o
                0x080020e8                HAL_SYSTICK_GetCLKSourceConfig
 .text.HAL_MPU_Enable
                0x08002154       0x44 ./Drivers/STM32H5xx_HAL_Driver/Src/stm32h5xx_hal_cortex.o
                0x08002154                HAL_MPU_Enable
 .text.HAL_MPU_Disable
                0x08002198       0x40 ./Drivers/STM32H5xx_HAL_Driver/Src/stm32h5xx_hal_cortex.o
                0x08002198                HAL_MPU_Disable
 .text.HAL_MPU_ConfigRegion
                0x080021d8       0x1c ./Drivers/STM32H5xx_HAL_Driver/Src/stm32h5xx_hal_cortex.o
                0x080021d8                HAL_MPU_ConfigRegion
 .text.HAL_MPU_ConfigMemoryAttributes
                0x080021f4       0x1c ./Drivers/STM32H5xx_HAL_Driver/Src/stm32h5xx_hal_cortex.o
                0x080021f4                HAL_MPU_ConfigMemoryAttributes
 .text.MPU_ConfigRegion
                0x08002210       0x6e ./Drivers/STM32H5xx_HAL_Driver/Src/stm32h5xx_hal_cortex.o
 .text.MPU_ConfigMemoryAttributes
                0x0800227e       0x6c ./Drivers/STM32H5xx_HAL_Driver/Src/stm32h5xx_hal_cortex.o
 *fill*         0x080022ea        0x2 
 .text.HAL_DMA_Init
                0x080022ec      0x284 ./Drivers/STM32H5xx_HAL_Driver/Src/stm32h5xx_hal_dma.o
                0x080022ec                HAL_DMA_Init
 .text.HAL_DMA_Start_IT
                0x08002570       0xcc ./Drivers/STM32H5xx_HAL_Driver/Src/stm32h5xx_hal_dma.o
                0x08002570                HAL_DMA_Start_IT
 .text.HAL_DMA_Abort_IT
                0x0800263c       0x52 ./Drivers/STM32H5xx_HAL_Driver/Src/stm32h5xx_hal_dma.o
                0x0800263c                HAL_DMA_Abort_IT
 .text.HAL_DMA_IRQHandler
                0x0800268e      0x2c2 ./Drivers/STM32H5xx_HAL_Driver/Src/stm32h5xx_hal_dma.o
                0x0800268e                HAL_DMA_IRQHandler
 .text.HAL_DMA_GetError
                0x08002950       0x18 ./Drivers/STM32H5xx_HAL_Driver/Src/stm32h5xx_hal_dma.o
                0x08002950                HAL_DMA_GetError
 .text.HAL_DMA_ConfigChannelAttributes
                0x08002968       0x78 ./Drivers/STM32H5xx_HAL_Driver/Src/stm32h5xx_hal_dma.o
                0x08002968                HAL_DMA_ConfigChannelAttributes
 .text.DMA_SetConfig
                0x080029e0       0x4a ./Drivers/STM32H5xx_HAL_Driver/Src/stm32h5xx_hal_dma.o
 *fill*         0x08002a2a        0x2 
 .text.DMA_Init
                0x08002a2c      0x508 ./Drivers/STM32H5xx_HAL_Driver/Src/stm32h5xx_hal_dma.o
 .text.HAL_DMAEx_List_Start_IT
                0x08002f34      0x134 ./Drivers/STM32H5xx_HAL_Driver/Src/stm32h5xx_hal_dma_ex.o
                0x08002f34                HAL_DMAEx_List_Start_IT
 .text.DMA_List_GetCLLRNodeInfo
                0x08003068       0x60 ./Drivers/STM32H5xx_HAL_Driver/Src/stm32h5xx_hal_dma_ex.o
 .text.HAL_GPIO_Init
                0x080030c8      0x2bc ./Drivers/STM32H5xx_HAL_Driver/Src/stm32h5xx_hal_gpio.o
                0x080030c8                HAL_GPIO_Init
 .text.HAL_GPIO_WritePin
                0x08003384       0x30 ./Drivers/STM32H5xx_HAL_Driver/Src/stm32h5xx_hal_gpio.o
                0x08003384                HAL_GPIO_WritePin
 .text.HAL_RCC_OscConfig
                0x080033b4      0x870 ./Drivers/STM32H5xx_HAL_Driver/Src/stm32h5xx_hal_rcc.o
                0x080033b4                HAL_RCC_OscConfig
 .text.HAL_RCC_ClockConfig
                0x08003c24      0x370 ./Drivers/STM32H5xx_HAL_Driver/Src/stm32h5xx_hal_rcc.o
                0x08003c24                HAL_RCC_ClockConfig
 .text.HAL_RCC_GetSysClockFreq
                0x08003f94      0x258 ./Drivers/STM32H5xx_HAL_Driver/Src/stm32h5xx_hal_rcc.o
                0x08003f94                HAL_RCC_GetSysClockFreq
 .text.HAL_RCC_GetHCLKFreq
                0x080041ec       0x38 ./Drivers/STM32H5xx_HAL_Driver/Src/stm32h5xx_hal_rcc.o
                0x080041ec                HAL_RCC_GetHCLKFreq
 .text.HAL_RCCEx_PeriphCLKConfig
                0x08004224     0x1e90 ./Drivers/STM32H5xx_HAL_Driver/Src/stm32h5xx_hal_rcc_ex.o
                0x08004224                HAL_RCCEx_PeriphCLKConfig
 .text.RCCEx_PLL2_Config
                0x080060b4      0x130 ./Drivers/STM32H5xx_HAL_Driver/Src/stm32h5xx_hal_rcc_ex.o
 .text.RCCEx_PLL3_Config
                0x080061e4      0x130 ./Drivers/STM32H5xx_HAL_Driver/Src/stm32h5xx_hal_rcc_ex.o
 .text.HAL_SPI_Init
                0x08006314      0x2e0 ./Drivers/STM32H5xx_HAL_Driver/Src/stm32h5xx_hal_spi.o
                0x08006314                HAL_SPI_Init
 .text.HAL_SPI_Transmit
                0x080065f4      0x470 ./Drivers/STM32H5xx_HAL_Driver/Src/stm32h5xx_hal_spi.o
                0x080065f4                HAL_SPI_Transmit
 .text.HAL_SPI_Transmit_DMA
                0x08006a64      0x3bc ./Drivers/STM32H5xx_HAL_Driver/Src/stm32h5xx_hal_spi.o
                0x08006a64                HAL_SPI_Transmit_DMA
 .text.HAL_SPI_IRQHandler
                0x08006e20      0x3a8 ./Drivers/STM32H5xx_HAL_Driver/Src/stm32h5xx_hal_spi.o
                0x08006e20                HAL_SPI_IRQHandler
 .text.HAL_SPI_TxCpltCallback
                0x080071c8       0x14 ./Drivers/STM32H5xx_HAL_Driver/Src/stm32h5xx_hal_spi.o
                0x080071c8                HAL_SPI_TxCpltCallback
 .text.HAL_SPI_RxCpltCallback
                0x080071dc       0x14 ./Drivers/STM32H5xx_HAL_Driver/Src/stm32h5xx_hal_spi.o
                0x080071dc                HAL_SPI_RxCpltCallback
 .text.HAL_SPI_TxRxCpltCallback
                0x080071f0       0x14 ./Drivers/STM32H5xx_HAL_Driver/Src/stm32h5xx_hal_spi.o
                0x080071f0                HAL_SPI_TxRxCpltCallback
 .text.HAL_SPI_TxHalfCpltCallback
                0x08007204       0x14 ./Drivers/STM32H5xx_HAL_Driver/Src/stm32h5xx_hal_spi.o
                0x08007204                HAL_SPI_TxHalfCpltCallback
 .text.HAL_SPI_ErrorCallback
                0x08007218       0x14 ./Drivers/STM32H5xx_HAL_Driver/Src/stm32h5xx_hal_spi.o
                0x08007218                HAL_SPI_ErrorCallback
 .text.HAL_SPI_SuspendCallback
                0x0800722c       0x14 ./Drivers/STM32H5xx_HAL_Driver/Src/stm32h5xx_hal_spi.o
                0x0800722c                HAL_SPI_SuspendCallback
 .text.HAL_SPI_GetState
                0x08007240       0x1c ./Drivers/STM32H5xx_HAL_Driver/Src/stm32h5xx_hal_spi.o
                0x08007240                HAL_SPI_GetState
 .text.SPI_DMATransmitCplt
                0x0800725c       0x46 ./Drivers/STM32H5xx_HAL_Driver/Src/stm32h5xx_hal_spi.o
 .text.SPI_DMAHalfTransmitCplt
                0x080072a2       0x1c ./Drivers/STM32H5xx_HAL_Driver/Src/stm32h5xx_hal_spi.o
 .text.SPI_DMAError
                0x080072be       0x46 ./Drivers/STM32H5xx_HAL_Driver/Src/stm32h5xx_hal_spi.o
 .text.SPI_DMAAbortOnError
                0x08007304       0x34 ./Drivers/STM32H5xx_HAL_Driver/Src/stm32h5xx_hal_spi.o
 .text.SPI_CloseTransfer
                0x08007338      0x140 ./Drivers/STM32H5xx_HAL_Driver/Src/stm32h5xx_hal_spi.o
 .text.SPI_WaitOnFlagUntilTimeout
                0x08007478       0x5c ./Drivers/STM32H5xx_HAL_Driver/Src/stm32h5xx_hal_spi.o
 .text.SPI_GetPacketSize
                0x080074d4       0x36 ./Drivers/STM32H5xx_HAL_Driver/Src/stm32h5xx_hal_spi.o
 .text.memset   0x0800750a       0x10 /opt/st/stm32cubeide_2.1.0/plugins/com.st.stm32cube.ide.mcu.externaltools.gnu-tools-for-stm32.14.3.rel1.linux64_1.0.100.202602081740/tools/bin/../lib/gcc/arm-none-eabi/14.3.1/../../../../arm-none-eabi/lib/thumb/v8-m.main+fp/hard/libc_nano.a(libc_a-memset.o)
                0x0800750a                memset
 *fill*         0x0800751a        0x2 
 .text.__libc_init_array
                0x0800751c       0x48 /opt/st/stm32cubeide_2.1.0/plugins/com.st.stm32cube.ide.mcu.externaltools.gnu-tools-for-stm32.14.3.rel1.linux64_1.0.100.202602081740/tools/bin/../lib/gcc/arm-none-eabi/14.3.1/../../../../arm-none-eabi/lib/thumb/v8-m.main+fp/hard/libc_nano.a(libc_a-init.o)
                0x0800751c                __libc_init_array
 *(.glue_7)
 .glue_7        0x08007564        0x0 linker stubs
 *(.glue_7t)
 .glue_7t       0x08007564        0x0 linker stubs
 *(.eh_frame)
 .eh_frame      0x08007564        0x0 /opt/st/stm32cubeide_2.1.0/plugins/com.st.stm32cube.ide.mcu.externaltools.gnu-tools-for-stm32.14.3.rel1.linux64_1.0.100.202602081740/tools/bin/../lib/gcc/arm-none-eabi/14.3.1/thumb/v8-m.main+fp/hard/crtbegin.o
 *(.init)
 .init          0x08007564        0x4 /opt/st/stm32cubeide_2.1.0/plugins/com.st.stm32cube.ide.mcu.externaltools.gnu-tools-for-stm32.14.3.rel1.linux64_1.0.100.202602081740/tools/bin/../lib/gcc/arm-none-eabi/14.3.1/thumb/v8-m.main+fp/hard/crti.o
                0x08007564                _init
 .init          0x08007568        0x8 /opt/st/stm32cubeide_2.1.0/plugins/com.st.stm32cube.ide.mcu.externaltools.gnu-tools-for-stm32.14.3.rel1.linux64_1.0.100.202602081740/tools/bin/../lib/gcc/arm-none-eabi/14.3.1/thumb/v8-m.main+fp/hard/crtn.o
 *(.fini)
 .fini          0x08007570        0x4 /opt/st/stm32cubeide_2.1.0/plugins/com.st.stm32cube.ide.mcu.externaltools.gnu-tools-for-stm32.14.3.rel1.linux64_1.0.100.202602081740/tools/bin/../lib/gcc/arm-none-eabi/14.3.1/thumb/v8-m.main+fp/hard/crti.o
                0x08007570                _fini
 .fini          0x08007574        0x8 /opt/st/stm32cubeide_2.1.0/plugins/com.st.stm32cube.ide.mcu.externaltools.gnu-tools-for-stm32.14.3.rel1.linux64_1.0.100.202602081740/tools/bin/../lib/gcc/arm-none-eabi/14.3.1/thumb/v8-m.main+fp/hard/crtn.o
                0x0800757c                        . = ALIGN (0x4)
                0x0800757c                        _etext = .

.vfp11_veneer   0x0800757c        0x0
 .vfp11_veneer  0x0800757c        0x0 linker stubs

.v4_bx          0x0800757c        0x0
 .v4_bx         0x0800757c        0x0 linker stubs

.iplt           0x0800757c        0x0
 .iplt          0x0800757c        0x0 /opt/st/stm32cubeide_2.1.0/plugins/com.st.stm32cube.ide.mcu.externaltools.gnu-tools-for-stm32.14.3.rel1.linux64_1.0.100.202602081740/tools/bin/../lib/gcc/arm-none-eabi/14.3.1/thumb/v8-m.main+fp/hard/crtbegin.o

.rodata         0x0800757c     0xa8bc
                0x0800757c                        . = ALIGN (0x4)
 *(.rodata)
 .rodata        0x0800757c       0x97 ./Core/Src/st7789.o
 *(.rodata*)
 *fill*         0x08007613        0x1 
 .rodata.Font7x10
                0x08007614      0x76c ./Core/Src/fonts.o
 .rodata.Font11x18
                0x08007d80      0xd5c ./Core/Src/fonts.o
 .rodata.Font16x26
                0x08008adc     0x134c ./Core/Src/fonts.o
 .rodata.saber  0x08009e28     0x8000 ./Core/Src/fonts.o
                0x08009e28                saber
 .rodata.AHBPrescTable
                0x08011e28       0x10 ./Core/Src/system_stm32h5xx.o
                0x08011e28                AHBPrescTable
                0x08011e38                        . = ALIGN (0x4)

.ARM.extab      0x08011e38        0x0
                0x08011e38                        . = ALIGN (0x4)
 *(.ARM.extab* .gnu.linkonce.armextab.*)
                0x08011e38                        . = ALIGN (0x4)

.ARM            0x08011e38        0x0
                0x08011e38                        . = ALIGN (0x4)
                0x08011e38                        __exidx_start = .
 *(.ARM.exidx*)
                0x08011e38                        __exidx_end = .
                0x08011e38                        . = ALIGN (0x4)

.preinit_array  0x08011e38        0x0
                0x08011e38                        . = ALIGN (0x4)
                0x08011e38                        PROVIDE (__preinit_array_start = .)
 *(.preinit_array*)
                0x08011e38                        PROVIDE (__preinit_array_end = .)
                0x08011e38                        . = ALIGN (0x4)

.init_array     0x08011e38        0x4
                0x08011e38                        . = ALIGN (0x4)
                0x08011e38                        PROVIDE (__init_array_start = .)
 *(SORT_BY_NAME(.init_array.*))
 *(.init_array*)
 .init_array    0x08011e38        0x4 /opt/st/stm32cubeide_2.1.0/plugins/com.st.stm32cube.ide.mcu.externaltools.gnu-tools-for-stm32.14.3.rel1.linux64_1.0.100.202602081740/tools/bin/../lib/gcc/arm-none-eabi/14.3.1/thumb/v8-m.main+fp/hard/crtbegin.o
                0x08011e3c                        PROVIDE (__init_array_end = .)
                0x08011e3c                        . = ALIGN (0x4)

.fini_array     0x08011e3c        0x4
                0x08011e3c                        . = ALIGN (0x4)
                [!provide]                        PROVIDE (__fini_array_start = .)
 *(SORT_BY_NAME(.fini_array.*))
 *(.fini_array*)
 .fini_array    0x08011e3c        0x4 /opt/st/stm32cubeide_2.1.0/plugins/com.st.stm32cube.ide.mcu.externaltools.gnu-tools-for-stm32.14.3.rel1.linux64_1.0.100.202602081740/tools/bin/../lib/gcc/arm-none-eabi/14.3.1/thumb/v8-m.main+fp/hard/crtbegin.o
                [!provide]                        PROVIDE (__fini_array_end = .)
                0x08011e40                        . = ALIGN (0x4)
                0x08011e40                        _sidata = LOADADDR (.data)

.rel.dyn        0x08011e40        0x0
 .rel.iplt      0x08011e40        0x0 /opt/st/stm32cubeide_2.1.0/plugins/com.st.stm32cube.ide.mcu.externaltools.gnu-tools-for-stm32.14.3.rel1.linux64_1.0.100.202602081740/tools/bin/../lib/gcc/arm-none-eabi/14.3.1/thumb/v8-m.main+fp/hard/crtbegin.o

.data           0x20000000       0x28 load address 0x08011e40
                0x20000000                        . = ALIGN (0x4)
                0x20000000                        _sdata = .
 *(.data)
 *(.data*)
 .data.Font_7x10
                0x20000000        0x8 ./Core/Src/fonts.o
                0x20000000                Font_7x10
 .data.Font_11x18
                0x20000008        0x8 ./Core/Src/fonts.o
                0x20000008                Font_11x18
 .data.Font_16x26
                0x20000010        0x8 ./Core/Src/fonts.o
                0x20000010                Font_16x26
 .data.DMA_MIN_SIZE
                0x20000018        0x2 ./Core/Src/st7789.o
                0x20000018                DMA_MIN_SIZE
 *fill*         0x2000001a        0x2 
 .data.SystemCoreClock
                0x2000001c        0x4 ./Core/Src/system_stm32h5xx.o
                0x2000001c                SystemCoreClock
 .data.uwTickPrio
                0x20000020        0x4 ./Drivers/STM32H5xx_HAL_Driver/Src/stm32h5xx_hal.o
                0x20000020                uwTickPrio
 .data.uwTickFreq
                0x20000024        0x1 ./Drivers/STM32H5xx_HAL_Driver/Src/stm32h5xx_hal.o
                0x20000024                uwTickFreq
 *(.RamFunc)
 *(.RamFunc*)
                0x20000028                        . = ALIGN (0x4)
 *fill*         0x20000025        0x3 
                0x20000028                        _edata = .

.igot.plt       0x20000028        0x0 load address 0x08011e68
 .igot.plt      0x20000028        0x0 /opt/st/stm32cubeide_2.1.0/plugins/com.st.stm32cube.ide.mcu.externaltools.gnu-tools-for-stm32.14.3.rel1.linux64_1.0.100.202602081740/tools/bin/../lib/gcc/arm-none-eabi/14.3.1/thumb/v8-m.main+fp/hard/crtbegin.o
                0x20000028                        . = ALIGN (0x4)

.bss            0x20000028     0x9728 load address 0x08011e68
                0x20000028                        _sbss = .
                0x20000028                        __bss_start__ = _sbss
 *(.bss)
 .bss           0x20000028       0x1c /opt/st/stm32cubeide_2.1.0/plugins/com.st.stm32cube.ide.mcu.externaltools.gnu-tools-for-stm32.14.3.rel1.linux64_1.0.100.202602081740/tools/bin/../lib/gcc/arm-none-eabi/14.3.1/thumb/v8-m.main+fp/hard/crtbegin.o
 *(.bss*)
 .bss.hspi1     0x20000044       0x90 ./Core/Src/main.o
                0x20000044                hspi1
 .bss.handle_GPDMA1_Channel0
                0x200000d4       0x78 ./Core/Src/main.o
                0x200000d4                handle_GPDMA1_Channel0
 .bss.disp_buf  0x2000014c     0x9600 ./Core/Src/st7789.o
                0x2000014c                disp_buf
 .bss.uwTick    0x2000974c        0x4 ./Drivers/STM32H5xx_HAL_Driver/Src/stm32h5xx_hal.o
                0x2000974c                uwTick
 *(COMMON)
                0x20009750                        . = ALIGN (0x4)
                0x20009750                        _ebss = .
                0x20009750                        __bss_end__ = _ebss

._user_heap_stack
                0x20009750      0x600 load address 0x08011e68
                0x20009750                        . = ALIGN (0x8)
                [!provide]                        PROVIDE (end = .)
                0x20009750                        PROVIDE (_end = .)
                0x20009950                        . = (. + _Min_Heap_Size)
 *fill*         0x20009750      0x200 
                0x20009d50                        . = (. + _Min_Stack_Size)
 *fill*         0x20009950      0x400 
                0x20009d50                        . = ALIGN (0x8)

/DISCARD/
 libc.a(*)
 libm.a(*)
 libgcc.a(*)

.ARM.attributes
                0x00000000       0x36
 *(.ARM.attributes)
 .ARM.attributes
                0x00000000       0x26 /opt/st/stm32cubeide_2.1.0/plugins/com.st.stm32cube.ide.mcu.externaltools.gnu-tools-for-stm32.14.3.rel1.linux64_1.0.100.202602081740/tools/bin/../lib/gcc/arm-none-eabi/14.3.1/thumb/v8-m.main+fp/hard/crti.o
 .ARM.attributes
                0x00000026       0x38 /opt/st/stm32cubeide_2.1.0/plugins/com.st.stm32cube.ide.mcu.externaltools.gnu-tools-for-stm32.14.3.rel1.linux64_1.0.100.202602081740/tools/bin/../lib/gcc/arm-none-eabi/14.3.1/thumb/v8-m.main+fp/hard/crtbegin.o
 .ARM.attributes
                0x0000005e       0x3a ./Core/Src/fonts.o
 .ARM.attributes
                0x00000098       0x3a ./Core/Src/main.o
 .ARM.attributes
                0x000000d2       0x3a ./Core/Src/st7789.o
 .ARM.attributes
                0x0000010c       0x3a ./Core/Src/stm32h5xx_hal_msp.o
 .ARM.attributes
                0x00000146       0x3a ./Core/Src/stm32h5xx_it.o
 .ARM.attributes
                0x00000180       0x3a ./Core/Src/system_stm32h5xx.o
 .ARM.attributes
                0x000001ba       0x24 ./Core/Startup/startup_stm32h562rgtx.o
 .ARM.attributes
                0x000001de       0x3a ./Drivers/STM32H5xx_HAL_Driver/Src/stm32h5xx_hal.o
 .ARM.attributes
                0x00000218       0x3a ./Drivers/STM32H5xx_HAL_Driver/Src/stm32h5xx_hal_cortex.o
 .ARM.attributes
                0x00000252       0x3a ./Drivers/STM32H5xx_HAL_Driver/Src/stm32h5xx_hal_dma.o
 .ARM.attributes
                0x0000028c       0x3a ./Drivers/STM32H5xx_HAL_Driver/Src/stm32h5xx_hal_dma_ex.o
 .ARM.attributes
                0x000002c6       0x3a ./Drivers/STM32H5xx_HAL_Driver/Src/stm32h5xx_hal_gpio.o
 .ARM.attributes
                0x00000300       0x3a ./Drivers/STM32H5xx_HAL_Driver/Src/stm32h5xx_hal_rcc.o
 .ARM.attributes
                0x0000033a       0x3a ./Drivers/STM32H5xx_HAL_Driver/Src/stm32h5xx_hal_rcc_ex.o
 .ARM.attributes
                0x00000374       0x3a ./Drivers/STM32H5xx_HAL_Driver/Src/stm32h5xx_hal_spi.o
 .ARM.attributes
                0x000003ae       0x38 /opt/st/stm32cubeide_2.1.0/plugins/com.st.stm32cube.ide.mcu.externaltools.gnu-tools-for-stm32.14.3.rel1.linux64_1.0.100.202602081740/tools/bin/../lib/gcc/arm-none-eabi/14.3.1/../../../../arm-none-eabi/lib/thumb/v8-m.main+fp/hard/libc_nano.a(libc_a-memset.o)
 .ARM.attributes
                0x000003e6       0x38 /opt/st/stm32cubeide_2.1.0/plugins/com.st.stm32cube.ide.mcu.externaltools.gnu-tools-for-stm32.14.3.rel1.linux64_1.0.100.202602081740/tools/bin/../lib/gcc/arm-none-eabi/14.3.1/../../../../arm-none-eabi/lib/thumb/v8-m.main+fp/hard/libc_nano.a(libc_a-init.o)
 .ARM.attributes
                0x0000041e       0x26 /opt/st/stm32cubeide_2.1.0/plugins/com.st.stm32cube.ide.mcu.externaltools.gnu-tools-for-stm32.14.3.rel1.linux64_1.0.100.202602081740/tools/bin/../lib/gcc/arm-none-eabi/14.3.1/thumb/v8-m.main+fp/hard/crtn.o
OUTPUT(STM32H562RGT6_ST7789_Final.elf elf32-littlearm)
LOAD linker stubs
LOAD /opt/st/stm32cubeide_2.1.0/plugins/com.st.stm32cube.ide.mcu.externaltools.gnu-tools-for-stm32.14.3.rel1.linux64_1.0.100.202602081740/tools/bin/../lib/gcc/arm-none-eabi/14.3.1/../../../../arm-none-eabi/lib/thumb/v8-m.main+fp/hard/libc.a
LOAD /opt/st/stm32cubeide_2.1.0/plugins/com.st.stm32cube.ide.mcu.externaltools.gnu-tools-for-stm32.14.3.rel1.linux64_1.0.100.202602081740/tools/bin/../lib/gcc/arm-none-eabi/14.3.1/../../../../arm-none-eabi/lib/thumb/v8-m.main+fp/hard/libm.a
LOAD /opt/st/stm32cubeide_2.1.0/plugins/com.st.stm32cube.ide.mcu.externaltools.gnu-tools-for-stm32.14.3.rel1.linux64_1.0.100.202602081740/tools/bin/../lib/gcc/arm-none-eabi/14.3.1/thumb/v8-m.main+fp/hard/libgcc.a

.debug_info     0x00000000     0xf46b
 .debug_info    0x00000000      0x1e9 ./Core/Src/fonts.o
 .debug_info    0x000001e9     0x2114 ./Core/Src/main.o
 .debug_info    0x000022fd     0x161a ./Core/Src/st7789.o
 .debug_info    0x00003917     0x167f ./Core/Src/stm32h5xx_hal_msp.o
 .debug_info    0x00004f96      0x999 ./Core/Src/stm32h5xx_it.o
 .debug_info    0x0000592f      0xd8e ./Core/Src/system_stm32h5xx.o
 .debug_info    0x000066bd       0x30 ./Core/Startup/startup_stm32h562rgtx.o
 .debug_info    0x000066ed     0x1381 ./Drivers/STM32H5xx_HAL_Driver/Src/stm32h5xx_hal.o
 .debug_info    0x00007a6e     0x1639 ./Drivers/STM32H5xx_HAL_Driver/Src/stm32h5xx_hal_cortex.o
 .debug_info    0x000090a7      0xadc ./Drivers/STM32H5xx_HAL_Driver/Src/stm32h5xx_hal_dma.o
 .debug_info    0x00009b83     0x1902 ./Drivers/STM32H5xx_HAL_Driver/Src/stm32h5xx_hal_dma_ex.o
 .debug_info    0x0000b485      0x6b6 ./Drivers/STM32H5xx_HAL_Driver/Src/stm32h5xx_hal_gpio.o
 .debug_info    0x0000bb3b     0x109f ./Drivers/STM32H5xx_HAL_Driver/Src/stm32h5xx_hal_rcc.o
 .debug_info    0x0000cbda     0x12c8 ./Drivers/STM32H5xx_HAL_Driver/Src/stm32h5xx_hal_rcc_ex.o
 .debug_info    0x0000dea2     0x15c9 ./Drivers/STM32H5xx_HAL_Driver/Src/stm32h5xx_hal_spi.o

.debug_abbrev   0x00000000     0x1f90
 .debug_abbrev  0x00000000       0xd3 ./Core/Src/fonts.o
 .debug_abbrev  0x000000d3      0x30d ./Core/Src/main.o
 .debug_abbrev  0x000003e0      0x322 ./Core/Src/st7789.o
 .debug_abbrev  0x00000702      0x21c ./Core/Src/stm32h5xx_hal_msp.o
 .debug_abbrev  0x0000091e      0x19b ./Core/Src/stm32h5xx_it.o
 .debug_abbrev  0x00000ab9      0x13a ./Core/Src/system_stm32h5xx.o
 .debug_abbrev  0x00000bf3       0x24 ./Core/Startup/startup_stm32h562rgtx.o
 .debug_abbrev  0x00000c17      0x2af ./Drivers/STM32H5xx_HAL_Driver/Src/stm32h5xx_hal.o
 .debug_abbrev  0x00000ec6      0x327 ./Drivers/STM32H5xx_HAL_Driver/Src/stm32h5xx_hal_cortex.o
 .debug_abbrev  0x000011ed      0x1ff ./Drivers/STM32H5xx_HAL_Driver/Src/stm32h5xx_hal_dma.o
 .debug_abbrev  0x000013ec      0x21d ./Drivers/STM32H5xx_HAL_Driver/Src/stm32h5xx_hal_dma_ex.o
 .debug_abbrev  0x00001609      0x1db ./Drivers/STM32H5xx_HAL_Driver/Src/stm32h5xx_hal_gpio.o
 .debug_abbrev  0x000017e4      0x290 ./Drivers/STM32H5xx_HAL_Driver/Src/stm32h5xx_hal_rcc.o
 .debug_abbrev  0x00001a74      0x269 ./Drivers/STM32H5xx_HAL_Driver/Src/stm32h5xx_hal_rcc_ex.o
 .debug_abbrev  0x00001cdd      0x2b3 ./Drivers/STM32H5xx_HAL_Driver/Src/stm32h5xx_hal_spi.o

.debug_aranges  0x00000000      0xb78
 .debug_aranges
                0x00000000       0x18 ./Core/Src/fonts.o
 .debug_aranges
                0x00000018       0x58 ./Core/Src/main.o
 .debug_aranges
                0x00000070       0xd0 ./Core/Src/st7789.o
 .debug_aranges
                0x00000140       0x30 ./Core/Src/stm32h5xx_hal_msp.o
 .debug_aranges
                0x00000170       0x70 ./Core/Src/stm32h5xx_it.o
 .debug_aranges
                0x000001e0       0x28 ./Core/Src/system_stm32h5xx.o
 .debug_aranges
                0x00000208       0x28 ./Core/Startup/startup_stm32h562rgtx.o
 .debug_aranges
                0x00000230      0x200 ./Drivers/STM32H5xx_HAL_Driver/Src/stm32h5xx_hal.o
 .debug_aranges
                0x00000430      0x140 ./Drivers/STM32H5xx_HAL_Driver/Src/stm32h5xx_hal_cortex.o
 .debug_aranges
                0x00000570       0xa0 ./Drivers/STM32H5xx_HAL_Driver/Src/stm32h5xx_hal_dma.o
 .debug_aranges
                0x00000610      0x1a0 ./Drivers/STM32H5xx_HAL_Driver/Src/stm32h5xx_hal_dma_ex.o
 .debug_aranges
                0x000007b0       0x78 ./Drivers/STM32H5xx_HAL_Driver/Src/stm32h5xx_hal_gpio.o
 .debug_aranges
                0x00000828       0xa0 ./Drivers/STM32H5xx_HAL_Driver/Src/stm32h5xx_hal_rcc.o
 .debug_aranges
                0x000008c8      0x108 ./Drivers/STM32H5xx_HAL_Driver/Src/stm32h5xx_hal_rcc_ex.o
 .debug_aranges
                0x000009d0      0x1a8 ./Drivers/STM32H5xx_HAL_Driver/Src/stm32h5xx_hal_spi.o

.debug_macro    0x00000000    0x2ccce
 .debug_macro   0x00000000       0x6d ./Core/Src/fonts.o
 .debug_macro   0x0000006d      0xade ./Core/Src/fonts.o
 .debug_macro   0x00000b4b       0x22 ./Core/Src/fonts.o
 .debug_macro   0x00000b6d       0x8e ./Core/Src/fonts.o
 .debug_macro   0x00000bfb       0x51 ./Core/Src/fonts.o
 .debug_macro   0x00000c4c      0x103 ./Core/Src/fonts.o
 .debug_macro   0x00000d4f       0x6a ./Core/Src/fonts.o
 .debug_macro   0x00000db9      0x1df ./Core/Src/fonts.o
 .debug_macro   0x00000f98      0x28b ./Core/Src/main.o
 .debug_macro   0x00001223      0x1e8 ./Core/Src/main.o
 .debug_macro   0x0000140b       0x5b ./Core/Src/main.o
 .debug_macro   0x00001466       0x2a ./Core/Src/main.o
 .debug_macro   0x00001490       0x94 ./Core/Src/main.o
 .debug_macro   0x00001524       0x43 ./Core/Src/main.o
 .debug_macro   0x00001567       0x34 ./Core/Src/main.o
 .debug_macro   0x0000159b      0x190 ./Core/Src/main.o
 .debug_macro   0x0000172b       0x57 ./Core/Src/main.o
 .debug_macro   0x00001782      0x364 ./Core/Src/main.o
 .debug_macro   0x00001ae6       0x16 ./Core/Src/main.o
 .debug_macro   0x00001afc       0x4a ./Core/Src/main.o
 .debug_macro   0x00001b46       0x34 ./Core/Src/main.o
 .debug_macro   0x00001b7a       0x10 ./Core/Src/main.o
 .debug_macro   0x00001b8a       0x58 ./Core/Src/main.o
 .debug_macro   0x00001be2       0x8e ./Core/Src/main.o
 .debug_macro   0x00001c70       0x1c ./Core/Src/main.o
 .debug_macro   0x00001c8c      0x17e ./Core/Src/main.o
 .debug_macro   0x00001e0a      0x19b ./Core/Src/main.o
 .debug_macro   0x00001fa5       0x28 ./Core/Src/main.o
 .debug_macro   0x00001fcd       0x49 ./Core/Src/main.o
 .debug_macro   0x00002016       0x1c ./Core/Src/main.o
 .debug_macro   0x00002032       0x29 ./Core/Src/main.o
 .debug_macro   0x0000205b       0xfb ./Core/Src/main.o
 .debug_macro   0x00002156     0x1685 ./Core/Src/main.o
 .debug_macro   0x000037db       0x5e ./Core/Src/main.o
 .debug_macro   0x00003839    0x1da77 ./Core/Src/main.o
 .debug_macro   0x000212b0       0x6d ./Core/Src/main.o
 .debug_macro   0x0002131d     0x3891 ./Core/Src/main.o
 .debug_macro   0x00024bae       0x63 ./Core/Src/main.o
 .debug_macro   0x00024c11     0x1e49 ./Core/Src/main.o
 .debug_macro   0x00026a5a      0xe6c ./Core/Src/main.o
 .debug_macro   0x000278c6      0x166 ./Core/Src/main.o
 .debug_macro   0x00027a2c      0x2e1 ./Core/Src/main.o
 .debug_macro   0x00027d0d      0x917 ./Core/Src/main.o
 .debug_macro   0x00028624      0x478 ./Core/Src/main.o
 .debug_macro   0x00028a9c       0xd6 ./Core/Src/main.o
 .debug_macro   0x00028b72      0x1cd ./Core/Src/main.o
 .debug_macro   0x00028d3f      0x55b ./Core/Src/main.o
 .debug_macro   0x0002929a      0x646 ./Core/Src/main.o
 .debug_macro   0x000298e0       0x7b ./Core/Src/main.o
 .debug_macro   0x0002995b      0x313 ./Core/Src/main.o
 .debug_macro   0x00029c6e      0x1bb ./Core/Src/main.o
 .debug_macro   0x00029e29      0x5cf ./Core/Src/main.o
 .debug_macro   0x0002a3f8       0xeb ./Core/Src/main.o
 .debug_macro   0x0002a4e3      0x2a7 ./Core/Src/main.o
 .debug_macro   0x0002a78a      0x47e ./Core/Src/main.o
 .debug_macro   0x0002ac08       0x64 ./Core/Src/main.o
 .debug_macro   0x0002ac6c      0x1be ./Core/Src/main.o
 .debug_macro   0x0002ae2a      0x2c3 ./Core/Src/st7789.o
 .debug_macro   0x0002b0ed       0x61 ./Core/Src/st7789.o
 .debug_macro   0x0002b14e       0x16 ./Core/Src/st7789.o
 .debug_macro   0x0002b164       0x3c ./Core/Src/st7789.o
 .debug_macro   0x0002b1a0       0x20 ./Core/Src/st7789.o
 .debug_macro   0x0002b1c0      0x26e ./Core/Src/stm32h5xx_hal_msp.o
 .debug_macro   0x0002b42e      0x278 ./Core/Src/stm32h5xx_it.o
 .debug_macro   0x0002b6a6      0x266 ./Core/Src/system_stm32h5xx.o
 .debug_macro   0x0002b90c      0x295 ./Drivers/STM32H5xx_HAL_Driver/Src/stm32h5xx_hal.o
 .debug_macro   0x0002bba1      0x25f ./Drivers/STM32H5xx_HAL_Driver/Src/stm32h5xx_hal_cortex.o
 .debug_macro   0x0002be00      0x260 ./Drivers/STM32H5xx_HAL_Driver/Src/stm32h5xx_hal_dma.o
 .debug_macro   0x0002c060      0x260 ./Drivers/STM32H5xx_HAL_Driver/Src/stm32h5xx_hal_dma_ex.o
 .debug_macro   0x0002c2c0      0x295 ./Drivers/STM32H5xx_HAL_Driver/Src/stm32h5xx_hal_gpio.o
 .debug_macro   0x0002c555      0x2a1 ./Drivers/STM32H5xx_HAL_Driver/Src/stm32h5xx_hal_rcc.o
 .debug_macro   0x0002c7f6      0x271 ./Drivers/STM32H5xx_HAL_Driver/Src/stm32h5xx_hal_rcc_ex.o
 .debug_macro   0x0002ca67      0x267 ./Drivers/STM32H5xx_HAL_Driver/Src/stm32h5xx_hal_spi.o

.debug_line     0x00000000     0xfcf3
 .debug_line    0x00000000      0x353 ./Core/Src/fonts.o
 .debug_line    0x00000353      0x976 ./Core/Src/main.o
 .debug_line    0x00000cc9      0xeef ./Core/Src/st7789.o
 .debug_line    0x00001bb8      0x836 ./Core/Src/stm32h5xx_hal_msp.o
 .debug_line    0x000023ee      0x860 ./Core/Src/stm32h5xx_it.o
 .debug_line    0x00002c4e      0x90e ./Core/Src/system_stm32h5xx.o
 .debug_line    0x0000355c       0x7a ./Core/Startup/startup_stm32h562rgtx.o
 .debug_line    0x000035d6      0xea5 ./Drivers/STM32H5xx_HAL_Driver/Src/stm32h5xx_hal.o
 .debug_line    0x0000447b      0xdd4 ./Drivers/STM32H5xx_HAL_Driver/Src/stm32h5xx_hal_cortex.o
 .debug_line    0x0000524f     0x122b ./Drivers/STM32H5xx_HAL_Driver/Src/stm32h5xx_hal_dma.o
 .debug_line    0x0000647a     0x2704 ./Drivers/STM32H5xx_HAL_Driver/Src/stm32h5xx_hal_dma_ex.o
 .debug_line    0x00008b7e      0xb8e ./Drivers/STM32H5xx_HAL_Driver/Src/stm32h5xx_hal_gpio.o
 .debug_line    0x0000970c     0x131d ./Drivers/STM32H5xx_HAL_Driver/Src/stm32h5xx_hal_rcc.o
 .debug_line    0x0000aa29     0x2d5f ./Drivers/STM32H5xx_HAL_Driver/Src/stm32h5xx_hal_rcc_ex.o
 .debug_line    0x0000d788     0x256b ./Drivers/STM32H5xx_HAL_Driver/Src/stm32h5xx_hal_spi.o

.debug_str      0x00000000   0x11be54
 .debug_str     0x00000000   0x11be54 ./Core/Src/fonts.o
                               0x3e4b (size before relaxing)
 .debug_str     0x0011be54   0x119048 ./Core/Src/main.o
 .debug_str     0x0011be54   0x117fa9 ./Core/Src/st7789.o
 .debug_str     0x0011be54   0x118385 ./Core/Src/stm32h5xx_hal_msp.o
 .debug_str     0x0011be54   0x11756a ./Core/Src/stm32h5xx_it.o
 .debug_str     0x0011be54   0x1172f0 ./Core/Src/system_stm32h5xx.o
 .debug_str     0x0011be54       0x8e ./Core/Startup/startup_stm32h562rgtx.o
 .debug_str     0x0011be54   0x1180fd ./Drivers/STM32H5xx_HAL_Driver/Src/stm32h5xx_hal.o
 .debug_str     0x0011be54   0x117c88 ./Drivers/STM32H5xx_HAL_Driver/Src/stm32h5xx_hal_cortex.o
 .debug_str     0x0011be54   0x1173e0 ./Drivers/STM32H5xx_HAL_Driver/Src/stm32h5xx_hal_dma.o
 .debug_str     0x0011be54   0x117a4c ./Drivers/STM32H5xx_HAL_Driver/Src/stm32h5xx_hal_dma_ex.o
 .debug_str     0x0011be54   0x117055 ./Drivers/STM32H5xx_HAL_Driver/Src/stm32h5xx_hal_gpio.o
 .debug_str     0x0011be54   0x117835 ./Drivers/STM32H5xx_HAL_Driver/Src/stm32h5xx_hal_rcc.o
 .debug_str     0x0011be54   0x117b6a ./Drivers/STM32H5xx_HAL_Driver/Src/stm32h5xx_hal_rcc_ex.o
 .debug_str     0x0011be54   0x11795b ./Drivers/STM32H5xx_HAL_Driver/Src/stm32h5xx_hal_spi.o

.comment        0x00000000       0x43
 .comment       0x00000000       0x43 ./Core/Src/fonts.o
                                 0x44 (size before relaxing)
 .comment       0x00000043       0x44 ./Core/Src/main.o
 .comment       0x00000043       0x44 ./Core/Src/st7789.o
 .comment       0x00000043       0x44 ./Core/Src/stm32h5xx_hal_msp.o
 .comment       0x00000043       0x44 ./Core/Src/stm32h5xx_it.o
 .comment       0x00000043       0x44 ./Core/Src/system_stm32h5xx.o
 .comment       0x00000043       0x44 ./Drivers/STM32H5xx_HAL_Driver/Src/stm32h5xx_hal.o
 .comment       0x00000043       0x44 ./Drivers/STM32H5xx_HAL_Driver/Src/stm32h5xx_hal_cortex.o
 .comment       0x00000043       0x44 ./Drivers/STM32H5xx_HAL_Driver/Src/stm32h5xx_hal_dma.o
 .comment       0x00000043       0x44 ./Drivers/STM32H5xx_HAL_Driver/Src/stm32h5xx_hal_dma_ex.o
 .comment       0x00000043       0x44 ./Drivers/STM32H5xx_HAL_Driver/Src/stm32h5xx_hal_gpio.o
 .comment       0x00000043       0x44 ./Drivers/STM32H5xx_HAL_Driver/Src/stm32h5xx_hal_rcc.o
 .comment       0x00000043       0x44 ./Drivers/STM32H5xx_HAL_Driver/Src/stm32h5xx_hal_rcc_ex.o
 .comment       0x00000043       0x44 ./Drivers/STM32H5xx_HAL_Driver/Src/stm32h5xx_hal_spi.o

.debug_rnglists
                0x00000000      0x8ae
 .debug_rnglists
                0x00000000       0x41 ./Core/Src/main.o
 .debug_rnglists
                0x00000041       0xa6 ./Core/Src/st7789.o
 .debug_rnglists
                0x000000e7       0x20 ./Core/Src/stm32h5xx_hal_msp.o
 .debug_rnglists
                0x00000107       0x4f ./Core/Src/stm32h5xx_it.o
 .debug_rnglists
                0x00000156       0x1b ./Core/Src/system_stm32h5xx.o
 .debug_rnglists
                0x00000171       0x19 ./Core/Startup/startup_stm32h562rgtx.o
 .debug_rnglists
                0x0000018a      0x17d ./Drivers/STM32H5xx_HAL_Driver/Src/stm32h5xx_hal.o
 .debug_rnglists
                0x00000307       0xec ./Drivers/STM32H5xx_HAL_Driver/Src/stm32h5xx_hal_cortex.o
 .debug_rnglists
                0x000003f3       0x7e ./Drivers/STM32H5xx_HAL_Driver/Src/stm32h5xx_hal_dma.o
 .debug_rnglists
                0x00000471      0x156 ./Drivers/STM32H5xx_HAL_Driver/Src/stm32h5xx_hal_dma_ex.o
 .debug_rnglists
                0x000005c7       0x57 ./Drivers/STM32H5xx_HAL_Driver/Src/stm32h5xx_hal_gpio.o
 .debug_rnglists
                0x0000061e       0x79 ./Drivers/STM32H5xx_HAL_Driver/Src/stm32h5xx_hal_rcc.o
 .debug_rnglists
                0x00000697       0xcf ./Drivers/STM32H5xx_HAL_Driver/Src/stm32h5xx_hal_rcc_ex.o
 .debug_rnglists
                0x00000766      0x148 ./Drivers/STM32H5xx_HAL_Driver/Src/stm32h5xx_hal_spi.o

.debug_frame    0x00000000     0x2c40
 .debug_frame   0x00000000      0x118 ./Core/Src/main.o
 .debug_frame   0x00000118      0x394 ./Core/Src/st7789.o
 .debug_frame   0x000004ac       0x78 ./Core/Src/stm32h5xx_hal_msp.o
 .debug_frame   0x00000524      0x130 ./Core/Src/stm32h5xx_it.o
 .debug_frame   0x00000654       0x58 ./Core/Src/system_stm32h5xx.o
 .debug_frame   0x000006ac      0x74c ./Drivers/STM32H5xx_HAL_Driver/Src/stm32h5xx_hal.o
 .debug_frame   0x00000df8      0x508 ./Drivers/STM32H5xx_HAL_Driver/Src/stm32h5xx_hal_cortex.o
 .debug_frame   0x00001300      0x278 ./Drivers/STM32H5xx_HAL_Driver/Src/stm32h5xx_hal_dma.o
 .debug_frame   0x00001578      0x704 ./Drivers/STM32H5xx_HAL_Driver/Src/stm32h5xx_hal_dma_ex.o
 .debug_frame   0x00001c7c      0x1c0 ./Drivers/STM32H5xx_HAL_Driver/Src/stm32h5xx_hal_gpio.o
 .debug_frame   0x00001e3c      0x248 ./Drivers/STM32H5xx_HAL_Driver/Src/stm32h5xx_hal_rcc.o
 .debug_frame   0x00002084      0x434 ./Drivers/STM32H5xx_HAL_Driver/Src/stm32h5xx_hal_rcc_ex.o
 .debug_frame   0x000024b8      0x73c ./Drivers/STM32H5xx_HAL_Driver/Src/stm32h5xx_hal_spi.o
 .debug_frame   0x00002bf4       0x20 /opt/st/stm32cubeide_2.1.0/plugins/com.st.stm32cube.ide.mcu.externaltools.gnu-tools-for-stm32.14.3.rel1.linux64_1.0.100.202602081740/tools/bin/../lib/gcc/arm-none-eabi/14.3.1/../../../../arm-none-eabi/lib/thumb/v8-m.main+fp/hard/libc_nano.a(libc_a-memset.o)
 .debug_frame   0x00002c14       0x2c /opt/st/stm32cubeide_2.1.0/plugins/com.st.stm32cube.ide.mcu.externaltools.gnu-tools-for-stm32.14.3.rel1.linux64_1.0.100.202602081740/tools/bin/../lib/gcc/arm-none-eabi/14.3.1/../../../../arm-none-eabi/lib/thumb/v8-m.main+fp/hard/libc_nano.a(libc_a-init.o)

.debug_line_str
                0x00000000       0x72
 .debug_line_str
                0x00000000       0x72 ./Core/Startup/startup_stm32h562rgtx.o
