../Core/Src/st7789.c:21:13:ST7789_WriteCommand	16	static
../Core/Src/st7789.c:36:13:ST7789_WriteData	24	static
../Core/Src/st7789.c:82:13:ST7789_WriteSmallData	16	static
../Core/Src/st7789.c:95:6:ST7789_SetRotation	16	static
../Core/Src/st7789.c:122:6:ST7789_SetAddressWindow	40	static
../Core/Src/st7789.c:150:6:ST7789_Init	56	static
../Core/Src/st7789.c:211:6:ST7789_Fill_Color	48	static,ignoring_inline_asm
../Core/Src/st7789.c:269:6:ST7789_DrawPixel	24	static
../Core/Src/st7789.c:280:6:ST7789_ClearArea	56	static
../Core/Src/st7789.c:335:6:ST7789_DrawPixel_4px	32	static
../Core/Src/st7789.c:351:6:ST7789_DrawLine	40	static
../Core/Src/st7789.c:413:6:ST7789_DrawRectangle	32	static
../Core/Src/st7789.c:431:6:ST7789_DrawCircle	40	static
../Core/Src/st7789.c:476:6:ST7789_DrawImage	24	static
../Core/Src/st7789.c:494:6:ST7789_InvertColors	16	static
../Core/Src/st7789.c:509:6:ST7789_WriteChar	40	static
../Core/Src/st7789.c:539:6:ST7789_WriteString	32	static
../Core/Src/st7789.c:569:6:ST7789_DrawFilledRectangle	40	static
../Core/Src/st7789.c:602:6:ST7789_DrawTriangle	32	static
../Core/Src/st7789.c:617:6:ST7789_DrawFilledTriangle	64	static
../Core/Src/st7789.c:685:6:ST7789_DrawFilledCircle	48	static
../Core/Src/st7789.c:723:6:ST7789_TearEffect	16	static
../Core/Src/st7789.c:767:6:ST7789_Test	24	static
